[INFO] Scanning for projects...
[INFO] 
[INFO] -----------------< com.dinei84.portifolio:portifolio >------------------
[INFO] Building portifolio 0.0.1-SNAPSHOT
[INFO]   from pom.xml
[INFO] --------------------------------[ jar ]---------------------------------
[WARNING] The POM for org.testcontainers:testcontainers-junit-jupiter:jar:1.19.7 is missing, no dependency information available
[WARNING] The POM for org.testcontainers:testcontainers-postgresql:jar:1.19.7 is missing, no dependency information available
[INFO] ------------------------------------------------------------------------
[INFO] BUILD FAILURE
[INFO] ------------------------------------------------------------------------
[INFO] Total time:  1.741 s
[INFO] Finished at: 2026-03-13T15:02:49-03:00
[INFO] ------------------------------------------------------------------------
[ERROR] Failed to execute goal on project portifolio: Could not resolve dependencies for project com.dinei84.portifolio:portifolio:jar:0.0.1-SNAPSHOT
[ERROR] dependency: org.testcontainers:testcontainers-junit-jupiter:jar:1.19.7 (test)
[ERROR] 	org.testcontainers:testcontainers-junit-jupiter:jar:1.19.7 was not found in https://repo.maven.apache.org/maven2 during a previous attempt. This failure was cached in the local repository and resolution is not reattempted until the update interval of central has elapsed or updates are forced
[ERROR] dependency: org.testcontainers:testcontainers-postgresql:jar:1.19.7 (test)
[ERROR] 	org.testcontainers:testcontainers-postgresql:jar:1.19.7 was not found in https://repo.maven.apache.org/maven2 during a previous attempt. This failure was cached in the local repository and resolution is not reattempted until the update interval of central has elapsed or updates are forced
[ERROR] 
[ERROR] -> [Help 1]
[ERROR] 
[ERROR] To see the full stack trace of the errors, re-run Maven with the -e switch.
[ERROR] Re-run Maven using the -X switch to enable full debug logging.
[ERROR] 
[ERROR] For more information about the errors and possible solutions, please read the following articles:
[ERROR] [Help 1] http://cwiki.apache.org/confluence/display/MAVEN/DependencyResolutionException
